##############################################################
#                                                            #
#                                                            #
#                                                            #
#                                                             
#                                                            #
#        +S                                                  #
#       G+J                                                  #
#        +S                                                  #
#                                                            #
#                                                            #
#                     #                                      #
#                     #                                      #
#      $              #                                      #
#                     #                                      #
#                     ##                                     #
#       +             ##                                     #
#                     ##                                     #
#                      #                                      
#                      #                                     #
#                      #                                     #
#                                                            #
#          S                                                 #
#                                                            #
#                                                            #
#                                                            #
#                                                             
#                                                            #
#                                                            #
#                                                            #
#                                                            #
##############################################################